{
  "azure": {
    "common": {
      "skipper": {
        "copy": [
          {
            "source": "inventory.json",
            "target": "something_else/foobar.json"
          }
        ]
      },
      "subscription_id": "INVALID DEFAULT VALUE"
    }
  },
  "secrets": {
    "test1": "?{azurekv:targets/azure_keyvault/test1||randomstring:32}",
    "test2": "?{azurekv:targets/azure_keyvault/test2||randomstring:64}"
  },
  "test": "azure_keyvault"
}
